Latest commit: 67fa18e371bab6c3fb2c1f04df50d2d6332140b3
Adding: ./invoice-generator.js
Adding: ./memory/2026-05-15.md
Adding: ./memory/2026-05-31.md
Adding: ./memory/2026-06-09.md
Adding: ./memory/2026-05-30.md
Adding: ./memory/2026-06-04.md
Adding: ./memory/2026-06-02-full.md
Adding: ./memory/2026-06-02.md
Adding: ./memory/2026-04-26.md
Adding: ./README.md
Adding: ./MEMORY.md
Adding: ./assessment-agent.js
Adding: ./lunch-names.html
Adding: ./conversations/2026-05-29-30-discord-dm.md
Adding: ./conversations/2026-06-01-discord-dm.md
Adding: ./conversations/2026-05-22-23-discord-dm.md
Adding: ./conversations/2026-05-30-discord-dm.md
Adding: ./conversations/2026-05-31-discord-dm.md
Adding: ./logo.jpg
Adding: ./package.json
Adding: ./beach4.jpg
Adding: ./beach3.jpg
Adding: ./beach1.jpg
Adding: ./sidewalk-sign.html
Adding: ./IDENTITY.md
Adding: ./real-estate-business/TODO.md
Adding: ./real-estate-business/LOG.md
Adding: ./real-estate-business/BUSINESS_PLAN.md
Adding: ./real-estate-business/MARKETING_PLAN.md
Adding: ./real-estate-business/BUSINESS_SUMMARY.md
Adding: ./aibuystime-new/assessment.js
Adding: ./aibuystime-new/social-posts.md
Adding: ./aibuystime-new/index.html
Adding: ./aibuystime-new/free-guide.md
Adding: ./business-card.html
Adding: ./SOUL.md
Adding: ./ai-assessment-agency/invoice-generator.js
Adding: ./ai-assessment-agency/README.md
Adding: ./ai-assessment-agency/quiz.json
Adding: ./ai-assessment-agency/booking.js
Adding: ./ai-assessment-agency/assessment-agent.js
Adding: ./ai-assessment-agency/report-generator.js
Adding: ./ai-assessment-agency/client-crm.js
Adding: ./ai-assessment-agency/sample-responses.json
Adding: ./ai-assessment-agency/action-plan-generator.py
Adding: ./ai-assessment-agency/action-plan-generator.js
Adding: ./ai-assessment-agency/generate_invoice_from_assessment.js
Adding: ./ai-assessment-agency/assessment-agent.py
Adding: ./package-lock.json
Adding: ./.gitignore
Adding: ./beach2.jpg
Adding: ./neighbor-flyer.pdf
Adding: ./neighbor-flyer.html
Adding: ./coastal-home-concierge/print-flyer.html
Adding: ./coastal-home-concierge/logo.jpg
Adding: ./coastal-home-concierge/flyer-printable.html
Adding: ./coastal-home-concierge/rack-card.html
Adding: ./coastal-home-concierge/neighbor-flyer.html
Adding: ./coastal-home-concierge/index.html
Adding: ./coastal-home-concierge/rack-cards.html
Adding: ./USER.md
Adding: ./backup-github.sh
Adding: ./.openclaw/workspace-state.json
Adding: ./HEARTBEAT.md
Adding: ./TOOLS.md
Adding: ./coastal-home-concierge.zip
Adding: ./index.html
Adding: ./AGENTS.md
Adding: ./business/NICHE.md
Adding: ./business/wholesale-states.md
Adding: ./business/TODO.md
Adding: ./business/wholesale-re RESEARCH.md
Adding: ./business/LOG.md
Adding: ./business/fiverr-posts.md
Adding: ./business/fiverr-research.md
Adding: ./business/social-posts.md
Adding: ./business/SALES.md
Adding: ./business/fiverr-packages.md
Adding: ./business/fiverr-about-seller.md
Adding: ./business/fiverr-service.md
Adding: ./business/PROJECT_SUMMARY.md
Adding: ./business/landing-page.html
Adding: ./business/PLAN.md
Blob created for: 2026-04-26.md
Blob created for: 2026-05-15.md
Blob created for: 2026-05-22-23-discord-dm.md
Blob created for: 2026-05-29-30-discord-dm.md
Blob created for: 2026-05-30-discord-dm.md
Blob created for: 2026-05-30.md
Blob created for: 2026-05-31-discord-dm.md
Blob created for: 2026-05-31.md
Blob created for: 2026-06-01-discord-dm.md
Blob created for: 2026-06-02-full.md
Blob created for: 2026-06-02.md
Blob created for: 2026-06-04.md
Blob created for: 2026-06-09.md
Blob created for: AGENTS.md
Blob created for: BUSINESS_PLAN.md
Blob created for: BUSINESS_SUMMARY.md
Blob created for: HEARTBEAT.md
Blob created for: IDENTITY.md
Blob created for: LOG.md
Blob created for: MARKETING_PLAN.md
Blob created for: MEMORY.md
Blob created for: NICHE.md
Blob created for: PLAN.md
Blob created for: PROJECT_SUMMARY.md
Blob created for: README.md
Blob created for: SALES.md
Blob created for: SOUL.md
Blob created for: TODO.md
Blob created for: TOOLS.md
Blob created for: USER.md
Blob created for: action-plan-generator.js
Blob created for: action-plan-generator.py
Blob created for: assessment-agent.js
Blob created for: assessment-agent.py
Blob created for: assessment.js
Blob created for: backup-github.sh
backup-github.sh: line 58: /usr/bin/curl: Argument list too long
Traceback (most recent call last):
  File "<string>", line 1, in <module>
  File "/usr/lib/python3.11/json/__init__.py", line 293, in load
    return loads(fp.read(),
           ^^^^^^^^^^^^^^^^
  File "/usr/lib/python3.11/json/__init__.py", line 346, in loads
    return _default_decoder.decode(s)
           ^^^^^^^^^^^^^^^^^^^^^^^^^^
  File "/usr/lib/python3.11/json/decoder.py", line 337, in decode
    obj, end = self.raw_decode(s, idx=_w(s, 0).end())
               ^^^^^^^^^^^^^^^^^^^^^^^^^^^^^^^^^^^^^^
  File "/usr/lib/python3.11/json/decoder.py", line 355, in raw_decode
    raise JSONDecodeError("Expecting value", s, err.value) from None
json.decoder.JSONDecodeError: Expecting value: line 2 column 1 (char 1)
Blob created for: beach2.jpg
Blob created for: beach3.jpg
Blob created for: beach4.jpg
Blob created for: booking.js
Blob created for: business-card.html
Blob created for: client-crm.js
backup-github.sh: line 58: /usr/bin/curl: Argument list too long
Traceback (most recent call last):
  File "<string>", line 1, in <module>
  File "/usr/lib/python3.11/json/__init__.py", line 293, in load
    return loads(fp.read(),
           ^^^^^^^^^^^^^^^^
  File "/usr/lib/python3.11/json/__init__.py", line 346, in loads
    return _default_decoder.decode(s)
           ^^^^^^^^^^^^^^^^^^^^^^^^^^
  File "/usr/lib/python3.11/json/decoder.py", line 337, in decode
    obj, end = self.raw_decode(s, idx=_w(s, 0).end())
               ^^^^^^^^^^^^^^^^^^^^^^^^^^^^^^^^^^^^^^
  File "/usr/lib/python3.11/json/decoder.py", line 355, in raw_decode
    raise JSONDecodeError("Expecting value", s, err.value) from None
json.decoder.JSONDecodeError: Expecting value: line 2 column 1 (char 1)
Blob created for: fiverr-about-seller.md
Blob created for: fiverr-packages.md
Blob created for: fiverr-posts.md
Blob created for: fiverr-research.md
Blob created for: fiverr-service.md
Blob created for: flyer-printable.html
Blob created for: free-guide.md
Blob created for: generate_invoice_from_assessment.js
Blob created for: index.html
Blob created for: invoice-generator.js
Blob created for: landing-page.html
backup-github.sh: line 58: /usr/bin/curl: Argument list too long
Traceback (most recent call last):
  File "<string>", line 1, in <module>
  File "/usr/lib/python3.11/json/__init__.py", line 293, in load
    return loads(fp.read(),
           ^^^^^^^^^^^^^^^^
  File "/usr/lib/python3.11/json/__init__.py", line 346, in loads
    return _default_decoder.decode(s)
           ^^^^^^^^^^^^^^^^^^^^^^^^^^
  File "/usr/lib/python3.11/json/decoder.py", line 337, in decode
    obj, end = self.raw_decode(s, idx=_w(s, 0).end())
               ^^^^^^^^^^^^^^^^^^^^^^^^^^^^^^^^^^^^^^
  File "/usr/lib/python3.11/json/decoder.py", line 355, in raw_decode
    raise JSONDecodeError("Expecting value", s, err.value) from None
json.decoder.JSONDecodeError: Expecting value: line 2 column 1 (char 1)
Blob created for: lunch-names.html
Blob created for: neighbor-flyer.html
backup-github.sh: line 58: /usr/bin/curl: Argument list too long
Traceback (most recent call last):
  File "<string>", line 1, in <module>
  File "/usr/lib/python3.11/json/__init__.py", line 293, in load
    return loads(fp.read(),
           ^^^^^^^^^^^^^^^^
  File "/usr/lib/python3.11/json/__init__.py", line 346, in loads
    return _default_decoder.decode(s)
           ^^^^^^^^^^^^^^^^^^^^^^^^^^
  File "/usr/lib/python3.11/json/decoder.py", line 337, in decode
    obj, end = self.raw_decode(s, idx=_w(s, 0).end())
               ^^^^^^^^^^^^^^^^^^^^^^^^^^^^^^^^^^^^^^
  File "/usr/lib/python3.11/json/decoder.py", line 355, in raw_decode
    raise JSONDecodeError("Expecting value", s, err.value) from None
json.decoder.JSONDecodeError: Expecting value: line 2 column 1 (char 1)
Blob created for: package-lock.json
Blob created for: package.json
Blob created for: print-flyer.html
Blob created for: quiz.json
Blob created for: rack-card.html
Blob created for: rack-cards.html
Blob created for: report-generator.js
Blob created for: sample-responses.json
Blob created for: sidewalk-sign.html
Blob created for: social-posts.md
Blob created for: wholesale-re RESEARCH.md
Blob created for: wholesale-states.md
Blob created for: workspace-state.json
{
  "ref": "refs/heads/main",
  "node_id": "REF_kwDOR5ymIa9yZWZzL2hlYWRzL21haW4",
  "url": "https://api.github.com/repos/CharlesMillions/Agent-Files-/git/refs/heads/main",
  "object": {
    "sha": "c4359f963c35210facffb07a73f0d91364e2be32",
    "type": "commit",
    "url": "https://api.github.com/repos/CharlesMillions/Agent-Files-/git/commits/c4359f963c35210facffb07a73f0d91364e2be32"
  }
}
✅ Backup complete! Commit: c4359f963c35210facffb07a73f0d91364e2be32
